// Jest Snapshot v1, https://goo.gl/fbAQLP

exports[`Nav Test Nav render 1`] = `
.c0 {
  color: red;
}

<nav
  className="jsx-3111634959"
>
  <ul
    className="jsx-3111634959"
  >
    <li
      className="jsx-3111634959"
    >
      <a
        className="c0"
        onClick={[Function]}
        onMouseEnter={[Function]}
      >
        Home
      </a>
      <a
        className="jsx-3111634959"
        href="/about"
        onClick={[Function]}
        onMouseEnter={[Function]}
      >
        About
      </a>
      <a
        className="jsx-3111634959"
        href="/swapi"
        onClick={[Function]}
        onMouseEnter={[Function]}
      >
        SWAPI
      </a>
    </li>
    <li
      className="jsx-3111634959"
    >
      <a
        className="jsx-3111634959"
        href="https://zeit.co/now"
      >
        ZEIT
      </a>
    </li>
    <li
      className="jsx-3111634959"
    >
      <a
        className="jsx-3111634959"
        href="https://github.com/zeit/next.js"
      >
        GitHub
      </a>
    </li>
  </ul>
</nav>
`;
